// Jest Snapshot v1, https://goo.gl/fbAQLP

exports[`StoryPromo Container should render correctly for amp 1`] = `
.c1 {
  display: inline-block;
  vertical-align: top;
  max-width: 33.33%;
  position: relative;
}

.c7 {
  display: inline-block;
  vertical-align: top;
  padding: 0 0.5rem;
  max-width: 66.67%;
}

.c8 {
  font-size: 0.9375rem;
  line-height: 1.25rem;
  color: #222222;
  font-family: ReithSerif,Helvetica,Arial,sans-serif;
  margin: 0;
  padding-bottom: 0.5rem;
  font-weight: 700;
}

.c10 {
  font-size: 0.9375rem;
  line-height: 1.125rem;
  color: #3F3F42;
  font-family: ReithSans,Helvetica,Arial,sans-serif;
  margin: 0;
  padding-bottom: 0.5rem;
}

.c9 {
  position: static;
  color: #222222;
  -webkit-text-decoration: none;
  text-decoration: none;
}

.c9:before {
  bottom: 0;
  content: '';
  left: 0;
  overflow: hidden;
  position: absolute;
  right: 0;
  top: 0;
  white-space: nowrap;
  z-index: 1;
}

.c9:hover,
.c9:focus {
  -webkit-text-decoration: underline;
  text-decoration: underline;
}

.c9:visited {
  color: #6E6E73;
}

.c11 {
  font-size: 0.875rem;
  line-height: 1rem;
  color: #6E6E73;
  display: block;
  font-family: ReithSans,Helvetica,Arial,sans-serif;
}

.c2 {
  margin: 0;
  padding-bottom: 1.5rem;
  width: 100%;
}

.c5 {
  position: relative;
  height: 0;
  overflow: hidden;
  background-color: #ECEAE7;
  background-position: center center;
  background-repeat: no-repeat;
  background-size: 30%;
  padding-bottom: 56.25%;
  width: 100%;
  background-image: url(data:image/svg+xml;base64,PD94bWwgdmVyc2lvbj0iMS4wIiBlbmNvZGluZz0iVVRGLTgiPz48c3ZnIHdpZHRoPSI0NzkiIGhlaWdodD0iMTM2IiB4bWxucz0iaHR0cDovL3d3dy53My5vcmcvMjAwMC9zdmciPjxnIGZpbGw9Im5vbmUiIGZpbGwtcnVsZT0iZXZlbm9kZCI+PGcgZmlsbD0iI0Q1RDBDRCI+PGc+PHBhdGggZD0iTTQ0OS41NTYgOTEuNTUzbC0yLjMxIDEuNDFjLTExLjE2NyA2LjgxOC0yMy4zMTMgMTAuNDc0LTM0LjM0NiAxMC40Ny0yMy42MS0uMDktMzkuMTYzLTE0LjA4My0zOS4yMjctMzQuNDUzLjAzLTE5LjkxOCAxNi4yNy0zNC42NjMgMzguNjMzLTM0LjcxOCAxMS4zODcuMDEgMjEuNzAzIDIuOTU0IDMzLjk2MiA5LjY3MmwyLjI1MSAxLjI0di0xOC4xOWwtLjk2Mi0uMzc3Yy0xMy44MjQtNS40NTgtMjQuNTMtNy44OS0zNS4xMDMtNy44ODQtMTYuMzQ2LS4wMDYtMzAuNTMzIDUuMzk0LTQwLjYzNyAxNC41NTctMTAuMTA1IDkuMTYzLTE2LjEwNiAyMi4xMDItMTYuMDk5IDM2Ljk1My4wMDggMTAuMzQ4IDQuMjc5IDIyLjQ4IDEzLjQyIDMyLjEwNSA5LjEyMSA5LjYyOCAyMy4xNjUgMTYuNjQ4IDQyLjQzIDE2LjYzOWguMDYzYzE1Ljk4IDAgMjcuMDYyLTMuNTYzIDM3LjA3NC04LjQ5MmwuODUxLS40MTRWOTEuNTUzek0zMzQgMTM1LjY5N2gxNDQuMTk1VjBIMzM0djEzNS42OTd6Ii8+PHBhdGggZD0iTTI3Ni45MzcgODkuOTY4Yy4wNDEtMTIuMzMtOC4xNzEtMjEuNjk2LTIxLjMwOC0yNS4zIDMuNTQ0LTEuODA5IDYuMzUtNC4wMjMgOC40MDQtNi43MjcgMi43NS0zLjYyMiA0LjA2MS04LjA2NCA0LjA0Ni0xMy4yMzUuMDE1LTYuMzU5LTIuNDg2LTEyLjgzOS03Ljg1OC0xNy42ODctNS4zNzItNC44NDctMTMuNTI2LTcuOTk3LTI0LjY1NC03Ljk5MUgyMDQuODN2OTcuNzI4aDM2LjA3M2MxMi44NyAwIDIxLjkwNi0zLjQ4MiAyNy43MjItOC42NSA1LjgxOC01LjE1NSA4LjMyLTExLjkxIDguMzEyLTE4LjEzOHpNMTY3IDEzNS42OThoMTQ0LjE5N1YwSDE2N3YxMzUuNjk3eiIvPjxwYXRoIGQ9Ik0xMDkuOTM3IDg5Ljk2OGMuMDQxLTEyLjMzLTguMTcxLTIxLjY5Ni0yMS4zMDgtMjUuMyAzLjU0NC0xLjgwOSA2LjM1LTQuMDIzIDguNDA0LTYuNzI3IDIuNzUtMy42MjIgNC4wNjEtOC4wNjQgNC4wNDYtMTMuMjM1LjAxNS02LjM1OS0yLjQ4Ni0xMi44MzktNy44NTgtMTcuNjg3LTUuMzcyLTQuODQ3LTEzLjUyNi03Ljk5Ny0yNC42NTQtNy45OTFIMzcuODN2OTcuNzI4aDM2LjA3M2MxMi44NyAwIDIxLjkwNi0zLjQ4MiAyNy43MjItOC42NSA1LjgxOC01LjE1NSA4LjMyLTExLjkxIDguMzEyLTE4LjEzOHpNMCAxMzUuNjk4aDE0NC4xOTdWMEgwdjEzNS42OTd6Ii8+PHBhdGggZD0iTTI1OC42NjIgODguMTk4Yy0uMDEzIDMuMjI5LTEuMDA3IDYuNDc1LTMuODk2IDkuMDExLTIuODg0IDIuNTM3LTcuODczIDQuNDYzLTE2LjEzMyA0LjQ2M0gyMjJWNzVoMTUuODkzYzcuNDExIDAgMTIuNjcgMS41MDIgMTUuOTY1IDMuODUgMy4yODkgMi4zNjIgNC43NzYgNS40NjMgNC44MDQgOS4zNDgiLz48cGF0aCBkPSJNOTEuNjYyIDg4LjE5OGMtLjAxMyAzLjIyOS0xLjAwNyA2LjQ3NS0zLjg5NiA5LjAxMS0yLjg4NCAyLjUzNy03Ljg3NCA0LjQ2My0xNi4xMzMgNC40NjNINTVWNzVoMTUuODkyYzcuNDEyIDAgMTIuNjcyIDEuNTAyIDE1Ljk2NiAzLjg1IDMuMjg5IDIuMzYyIDQuNzc2IDUuNDYzIDQuODA0IDkuMzQ4Ii8+PHBhdGggZD0iTTI0NS4xODYgNTUuNzljMy4wOTYtMi4yMzcgNC41OS01LjM4NiA0LjYxMy0xMC4xMjQtLjAxNS0zLjI1LS45NDMtNi4wMzMtMy4yODEtOC4xMTEtMi4zNDYtMi4wNzgtNi4zMy0zLjU1NS0xMi43NTQtMy41NTVIMjIydjI1LjI3NWg4LjA3NmM2Ljk4OC4wMDQgMTEuOTk4LTEuMjQzIDE1LjExLTMuNDg2Ii8+PHBhdGggZD0iTTc4LjE4NiA1NS43OWMzLjA5Ni0yLjIzNyA0LjU5LTUuMzg2IDQuNjEzLTEwLjEyNC0uMDE1LTMuMjUtLjk0My02LjAzMy0zLjI4Mi04LjExMUM3Ny4xNzIgMzUuNDc3IDczLjE4OCAzNCA2Ni43NjQgMzRINTV2MjUuMjc1aDguMDc2YzYuOTg4LjAwNCAxMS45OTgtMS4yNDMgMTUuMTEtMy40ODYiLz48L2c+PC9nPjwvZz48L3N2Zz4K);
}

.c3 {
  display: grid;
  grid-column-gap: 1rem;
}

@media (min-width:25rem) {
  .c0 {
    position: relative;
  }
}

@supports (display:grid) {
  .c0 {
    display: grid;
    grid-template-columns: repeat(6,1fr);
    grid-column-gap: 0.5rem;
  }
}

@media (min-width:80rem) {
  .c1 {
    max-width: 33.33%;
  }
}

@supports (display:grid) {
  .c1 {
    display: block;
    max-width: initial;
    grid-column: 1 / span 2;
  }
}

@media (min-width:37.5rem) {
  .c7 {
    padding: 0 1rem;
  }
}

@media (min-width:80rem) {
  .c7 {
    max-width: 66.67%;
  }
}

@supports (display:grid) {
  .c7 {
    display: block;
    max-width: initial;
    padding: initial;
    grid-column: 3 / span 4;
  }
}

@media (min-width:20rem) and (max-width:37.4375rem) {
  .c8 {
    font-size: 1rem;
    line-height: 1.25rem;
  }
}

@media (min-width:37.5rem) {
  .c8 {
    font-size: 1rem;
    line-height: 1.25rem;
  }
}

@media (min-width:37.5rem) {
  .c8 {
    font-size: 1.125rem;
    line-height: 1.375rem;
  }
}

@media (min-width:20rem) and (max-width:37.4375rem) {
  .c10 {
    font-size: 0.9375rem;
    line-height: 1.125rem;
  }
}

@media (min-width:37.5rem) {
  .c10 {
    font-size: 0.875rem;
    line-height: 1.125rem;
  }
}

@media (max-width:37.4375rem) {
  .c10 {
    display: none;
    visibility: hidden;
  }
}

@media (min-width:20rem) and (max-width:37.4375rem) {
  .c11 {
    font-size: 0.875rem;
    line-height: 1.125rem;
  }
}

@media (min-width:37.5rem) {
  .c11 {
    font-size: 0.8125rem;
    line-height: 1rem;
  }
}

@media (max-width:62.9375rem) {
  .c4 {
    grid-column: 1 / span 6;
  }
}

@media (min-width:63rem) and (max-width:80rem) {
  .c4 {
    grid-column: 1 / span 6;
  }
}

@media (min-width:80rem) {
  .c4 {
    grid-column: 1 / span 12;
  }
}

@media (max-width:62.9375rem) {
  .c6 {
    grid-column: 1 / span 5;
  }
}

@media (min-width:63rem) and (max-width:80rem) {
  .c6 {
    grid-column: 1 / span 2;
  }
}

@media (min-width:80rem) {
  .c6 {
    grid-column: 1 / span 8;
  }
}

@media (min-width:63rem) and (max-width:80rem) {
  .c3 {
    grid-template-columns: repeat(6,1fr);
  }
}

@media (min-width:80rem) {
  .c3 {
    grid-template-columns: repeat(12,1fr);
  }
}

<div
  className="c0"
>
  <div
    className="c1"
  >
    <figure
      className="c2"
    >
      <div
        className="c3"
      >
        <div
          className="c4"
        >
          <div
            className="c5"
          >
            <amp-img
              alt="Image Alt text"
              attribution="Image provider"
              height={1152}
              layout="responsive"
              src="https://ichef.bbci.co.uk/news/660/cpsprodpb/0A06/production/image.jpg"
              width={2048}
            />
          </div>
        </div>
        <div
          className="c6"
        />
      </div>
    </figure>
  </div>
  <div
    className="c7"
  >
    <h3
      className="c8"
    >
      <a
        className="c9"
        href="https://www.bbc.co.uk"
      >
        A headline
      </a>
    </h3>
    <p
      className="c10"
    >
      Summary text
    </p>
    <time
      className="c11"
      dateTime="2019-05-02"
    >
      2 May 2019
    </time>
  </div>
</div>
`;

exports[`StoryPromo Container should render correctly for canonical 1`] = `
.c1 {
  display: inline-block;
  vertical-align: top;
  max-width: 33.33%;
  position: relative;
}

.c8 {
  display: inline-block;
  vertical-align: top;
  padding: 0 0.5rem;
  max-width: 66.67%;
}

.c9 {
  font-size: 0.9375rem;
  line-height: 1.25rem;
  color: #222222;
  font-family: ReithSerif,Helvetica,Arial,sans-serif;
  margin: 0;
  padding-bottom: 0.5rem;
  font-weight: 700;
}

.c11 {
  font-size: 0.9375rem;
  line-height: 1.125rem;
  color: #3F3F42;
  font-family: ReithSans,Helvetica,Arial,sans-serif;
  margin: 0;
  padding-bottom: 0.5rem;
}

.c10 {
  position: static;
  color: #222222;
  -webkit-text-decoration: none;
  text-decoration: none;
}

.c10:before {
  bottom: 0;
  content: '';
  left: 0;
  overflow: hidden;
  position: absolute;
  right: 0;
  top: 0;
  white-space: nowrap;
  z-index: 1;
}

.c10:hover,
.c10:focus {
  -webkit-text-decoration: underline;
  text-decoration: underline;
}

.c10:visited {
  color: #6E6E73;
}

.c12 {
  font-size: 0.875rem;
  line-height: 1rem;
  color: #6E6E73;
  display: block;
  font-family: ReithSans,Helvetica,Arial,sans-serif;
}

.c2 {
  margin: 0;
  padding-bottom: 1.5rem;
  width: 100%;
}

.c6 {
  display: block;
  width: 100%;
}

.c5 {
  position: relative;
  height: 0;
  overflow: hidden;
  background-color: #ECEAE7;
  background-position: center center;
  background-repeat: no-repeat;
  background-size: 30%;
  padding-bottom: 56.25%;
  width: 100%;
  background-image: url(data:image/svg+xml;base64,PD94bWwgdmVyc2lvbj0iMS4wIiBlbmNvZGluZz0iVVRGLTgiPz48c3ZnIHdpZHRoPSI0NzkiIGhlaWdodD0iMTM2IiB4bWxucz0iaHR0cDovL3d3dy53My5vcmcvMjAwMC9zdmciPjxnIGZpbGw9Im5vbmUiIGZpbGwtcnVsZT0iZXZlbm9kZCI+PGcgZmlsbD0iI0Q1RDBDRCI+PGc+PHBhdGggZD0iTTQ0OS41NTYgOTEuNTUzbC0yLjMxIDEuNDFjLTExLjE2NyA2LjgxOC0yMy4zMTMgMTAuNDc0LTM0LjM0NiAxMC40Ny0yMy42MS0uMDktMzkuMTYzLTE0LjA4My0zOS4yMjctMzQuNDUzLjAzLTE5LjkxOCAxNi4yNy0zNC42NjMgMzguNjMzLTM0LjcxOCAxMS4zODcuMDEgMjEuNzAzIDIuOTU0IDMzLjk2MiA5LjY3MmwyLjI1MSAxLjI0di0xOC4xOWwtLjk2Mi0uMzc3Yy0xMy44MjQtNS40NTgtMjQuNTMtNy44OS0zNS4xMDMtNy44ODQtMTYuMzQ2LS4wMDYtMzAuNTMzIDUuMzk0LTQwLjYzNyAxNC41NTctMTAuMTA1IDkuMTYzLTE2LjEwNiAyMi4xMDItMTYuMDk5IDM2Ljk1My4wMDggMTAuMzQ4IDQuMjc5IDIyLjQ4IDEzLjQyIDMyLjEwNSA5LjEyMSA5LjYyOCAyMy4xNjUgMTYuNjQ4IDQyLjQzIDE2LjYzOWguMDYzYzE1Ljk4IDAgMjcuMDYyLTMuNTYzIDM3LjA3NC04LjQ5MmwuODUxLS40MTRWOTEuNTUzek0zMzQgMTM1LjY5N2gxNDQuMTk1VjBIMzM0djEzNS42OTd6Ii8+PHBhdGggZD0iTTI3Ni45MzcgODkuOTY4Yy4wNDEtMTIuMzMtOC4xNzEtMjEuNjk2LTIxLjMwOC0yNS4zIDMuNTQ0LTEuODA5IDYuMzUtNC4wMjMgOC40MDQtNi43MjcgMi43NS0zLjYyMiA0LjA2MS04LjA2NCA0LjA0Ni0xMy4yMzUuMDE1LTYuMzU5LTIuNDg2LTEyLjgzOS03Ljg1OC0xNy42ODctNS4zNzItNC44NDctMTMuNTI2LTcuOTk3LTI0LjY1NC03Ljk5MUgyMDQuODN2OTcuNzI4aDM2LjA3M2MxMi44NyAwIDIxLjkwNi0zLjQ4MiAyNy43MjItOC42NSA1LjgxOC01LjE1NSA4LjMyLTExLjkxIDguMzEyLTE4LjEzOHpNMTY3IDEzNS42OThoMTQ0LjE5N1YwSDE2N3YxMzUuNjk3eiIvPjxwYXRoIGQ9Ik0xMDkuOTM3IDg5Ljk2OGMuMDQxLTEyLjMzLTguMTcxLTIxLjY5Ni0yMS4zMDgtMjUuMyAzLjU0NC0xLjgwOSA2LjM1LTQuMDIzIDguNDA0LTYuNzI3IDIuNzUtMy42MjIgNC4wNjEtOC4wNjQgNC4wNDYtMTMuMjM1LjAxNS02LjM1OS0yLjQ4Ni0xMi44MzktNy44NTgtMTcuNjg3LTUuMzcyLTQuODQ3LTEzLjUyNi03Ljk5Ny0yNC42NTQtNy45OTFIMzcuODN2OTcuNzI4aDM2LjA3M2MxMi44NyAwIDIxLjkwNi0zLjQ4MiAyNy43MjItOC42NSA1LjgxOC01LjE1NSA4LjMyLTExLjkxIDguMzEyLTE4LjEzOHpNMCAxMzUuNjk4aDE0NC4xOTdWMEgwdjEzNS42OTd6Ii8+PHBhdGggZD0iTTI1OC42NjIgODguMTk4Yy0uMDEzIDMuMjI5LTEuMDA3IDYuNDc1LTMuODk2IDkuMDExLTIuODg0IDIuNTM3LTcuODczIDQuNDYzLTE2LjEzMyA0LjQ2M0gyMjJWNzVoMTUuODkzYzcuNDExIDAgMTIuNjcgMS41MDIgMTUuOTY1IDMuODUgMy4yODkgMi4zNjIgNC43NzYgNS40NjMgNC44MDQgOS4zNDgiLz48cGF0aCBkPSJNOTEuNjYyIDg4LjE5OGMtLjAxMyAzLjIyOS0xLjAwNyA2LjQ3NS0zLjg5NiA5LjAxMS0yLjg4NCAyLjUzNy03Ljg3NCA0LjQ2My0xNi4xMzMgNC40NjNINTVWNzVoMTUuODkyYzcuNDEyIDAgMTIuNjcyIDEuNTAyIDE1Ljk2NiAzLjg1IDMuMjg5IDIuMzYyIDQuNzc2IDUuNDYzIDQuODA0IDkuMzQ4Ii8+PHBhdGggZD0iTTI0NS4xODYgNTUuNzljMy4wOTYtMi4yMzcgNC41OS01LjM4NiA0LjYxMy0xMC4xMjQtLjAxNS0zLjI1LS45NDMtNi4wMzMtMy4yODEtOC4xMTEtMi4zNDYtMi4wNzgtNi4zMy0zLjU1NS0xMi43NTQtMy41NTVIMjIydjI1LjI3NWg4LjA3NmM2Ljk4OC4wMDQgMTEuOTk4LTEuMjQzIDE1LjExLTMuNDg2Ii8+PHBhdGggZD0iTTc4LjE4NiA1NS43OWMzLjA5Ni0yLjIzNyA0LjU5LTUuMzg2IDQuNjEzLTEwLjEyNC0uMDE1LTMuMjUtLjk0My02LjAzMy0zLjI4Mi04LjExMUM3Ny4xNzIgMzUuNDc3IDczLjE4OCAzNCA2Ni43NjQgMzRINTV2MjUuMjc1aDguMDc2YzYuOTg4LjAwNCAxMS45OTgtMS4yNDMgMTUuMTEtMy40ODYiLz48L2c+PC9nPjwvZz48L3N2Zz4K);
}

.c3 {
  display: grid;
  grid-column-gap: 1rem;
}

@media (min-width:25rem) {
  .c0 {
    position: relative;
  }
}

@supports (display:grid) {
  .c0 {
    display: grid;
    grid-template-columns: repeat(6,1fr);
    grid-column-gap: 0.5rem;
  }
}

@media (min-width:80rem) {
  .c1 {
    max-width: 33.33%;
  }
}

@supports (display:grid) {
  .c1 {
    display: block;
    max-width: initial;
    grid-column: 1 / span 2;
  }
}

@media (min-width:37.5rem) {
  .c8 {
    padding: 0 1rem;
  }
}

@media (min-width:80rem) {
  .c8 {
    max-width: 66.67%;
  }
}

@supports (display:grid) {
  .c8 {
    display: block;
    max-width: initial;
    padding: initial;
    grid-column: 3 / span 4;
  }
}

@media (min-width:20rem) and (max-width:37.4375rem) {
  .c9 {
    font-size: 1rem;
    line-height: 1.25rem;
  }
}

@media (min-width:37.5rem) {
  .c9 {
    font-size: 1rem;
    line-height: 1.25rem;
  }
}

@media (min-width:37.5rem) {
  .c9 {
    font-size: 1.125rem;
    line-height: 1.375rem;
  }
}

@media (min-width:20rem) and (max-width:37.4375rem) {
  .c11 {
    font-size: 0.9375rem;
    line-height: 1.125rem;
  }
}

@media (min-width:37.5rem) {
  .c11 {
    font-size: 0.875rem;
    line-height: 1.125rem;
  }
}

@media (max-width:37.4375rem) {
  .c11 {
    display: none;
    visibility: hidden;
  }
}

@media (min-width:20rem) and (max-width:37.4375rem) {
  .c12 {
    font-size: 0.875rem;
    line-height: 1.125rem;
  }
}

@media (min-width:37.5rem) {
  .c12 {
    font-size: 0.8125rem;
    line-height: 1rem;
  }
}

@media (max-width:62.9375rem) {
  .c4 {
    grid-column: 1 / span 6;
  }
}

@media (min-width:63rem) and (max-width:80rem) {
  .c4 {
    grid-column: 1 / span 6;
  }
}

@media (min-width:80rem) {
  .c4 {
    grid-column: 1 / span 12;
  }
}

@media (max-width:62.9375rem) {
  .c7 {
    grid-column: 1 / span 5;
  }
}

@media (min-width:63rem) and (max-width:80rem) {
  .c7 {
    grid-column: 1 / span 2;
  }
}

@media (min-width:80rem) {
  .c7 {
    grid-column: 1 / span 8;
  }
}

@media (min-width:63rem) and (max-width:80rem) {
  .c3 {
    grid-template-columns: repeat(6,1fr);
  }
}

@media (min-width:80rem) {
  .c3 {
    grid-template-columns: repeat(12,1fr);
  }
}

<div
  className="c0"
>
  <div
    className="c1"
  >
    <figure
      className="c2"
    >
      <div
        className="c3"
      >
        <div
          className="c4"
        >
          <div
            className="c5"
          >
            <div
              className="lazyload-placeholder"
              style={
                Object {
                  "height": undefined,
                }
              }
            />
            <noscript>
              <img
                alt="Image Alt text"
                className="c6"
                height={null}
                src="https://ichef.bbci.co.uk/news/660/cpsprodpb/0A06/production/image.jpg"
                width={2048}
              />
            </noscript>
          </div>
        </div>
        <div
          className="c7"
        />
      </div>
    </figure>
  </div>
  <div
    className="c8"
  >
    <h3
      className="c9"
    >
      <a
        className="c10"
        href="https://www.bbc.co.uk"
      >
        A headline
      </a>
    </h3>
    <p
      className="c11"
    >
      Summary text
    </p>
    <time
      className="c12"
      dateTime="2019-05-02"
    >
      2 May 2019
    </time>
  </div>
</div>
`;
