// Jest Snapshot v1, https://goo.gl/fbAQLP

exports[`FooterContainer should render correctly 1`] = `
<ForwardRef(Footer)
  role="contentinfo"
>
  <BrandContainer />
  <SitewideLinks
    copyrightText="Â© 3000 BBC. The BBC is not responsible for the content of external sites. "
    externalLink={
      Object {
        "href": "https://www.bbc.co.uk/help/web/links/",
        "text": "Read about our approach to external linking.",
      }
    }
    links={
      Array [
        Object {
          "href": "https://www.bbc.com/news/help-41670342",
          "id": "trust",
          "text": "Why you can trust the BBC",
        },
        Object {
          "href": "https://www.bbc.com/terms",
          "id": "terms",
          "text": "Terms of Use",
        },
        Object {
          "href": "https://www.bbc.co.uk/aboutthebbc/",
          "id": "about",
          "text": "About the BBC",
        },
        Object {
          "href": "https://www.bbc.com/privacy/",
          "id": "privacy",
          "text": "Privacy Policy",
        },
        Object {
          "href": "https://www.bbc.com/usingthebbc/cookies/",
          "id": "cookies",
          "text": "Cookies",
        },
        Object {
          "href": "https://www.bbc.com/accessibility/",
          "id": "a11y",
          "text": "Accessibility Help",
        },
        Object {
          "href": "https://www.bbc.com/contact/",
          "id": "contact",
          "text": "Contact the BBC",
        },
      ]
    }
  />
</ForwardRef(Footer)>
`;
