// Jest Snapshot v1, https://goo.gl/fbAQLP

exports[`Figure with a caption should render correctly 1`] = `
.c0 {
  margin: 0;
  padding-bottom: 1rem;
  width: 100%;
}

.c1 {
  display: block;
  width: 100%;
}

<figure
  className="c0"
>
  <img
    alt="Map of the UK displaying Syrian refugees and asylum seekers per 10000 population. Ranges from 0 to 17."
    className="c1"
    src="https://ichef.bbci.co.uk/news/640/cpsprodpb/439A/production/_100960371_syrians_and_asylum_v2-nc.png"
  />
</figure>
`;

exports[`Figure with caption and non-BBC copyright should render correctly 1`] = `
.c0 {
  margin: 0;
  padding-bottom: 1rem;
  width: 100%;
}

.c1 {
  display: block;
  width: 100%;
}

<figure
  className="c0"
>
  <img
    alt="Map of the UK displaying Syrian refugees and asylum seekers per 10000 population. Ranges from 0 to 17."
    className="c1"
    src="https://ichef.bbci.co.uk/news/640/cpsprodpb/439A/production/_100960371_syrians_and_asylum_v2-nc.png"
  />
</figure>
`;

exports[`Figure with non-BBC copyright should render correctly 1`] = `
.c0 {
  margin: 0;
  padding-bottom: 1rem;
  width: 100%;
}

.c1 {
  display: block;
  width: 100%;
}

<figure
  className="c0"
>
  <img
    alt="Map of the UK displaying Syrian refugees and asylum seekers per 10000 population. Ranges from 0 to 17."
    className="c1"
    src="https://ichef.bbci.co.uk/news/640/cpsprodpb/439A/production/_100960371_syrians_and_asylum_v2-nc.png"
  />
</figure>
`;

exports[`Figure without a caption should render correctly 1`] = `
.c0 {
  margin: 0;
  padding-bottom: 1rem;
  width: 100%;
}

.c1 {
  display: block;
  width: 100%;
}

<figure
  className="c0"
>
  <img
    alt="Map of the UK displaying Syrian refugees and asylum seekers per 10000 population. Ranges from 0 to 17."
    className="c1"
    src="https://ichef.bbci.co.uk/news/640/cpsprodpb/439A/production/_100960371_syrians_and_asylum_v2-nc.png"
  />
</figure>
`;
