// Jest Snapshot v1, https://goo.gl/fbAQLP

exports[`Headline should render correctly 1`] = `
.c0 {
  color: #222222;
  font-family: ReithSansNewsRegular,Arial,Helvetica,freesans,sans-serif;
  font-size: 2em;
}

<h1
  className="c0"
>
  This is text with no formatting.
</h1>
`;
