// Jest Snapshot v1, https://goo.gl/fbAQLP

exports[`globalStyles should call createGlobalStyle with args matching snapshot 1`] = `undefined`;
